DA_DUConstructors.java:23:17: compiler.err.var.might.already.be.assigned: x
DA_DUConstructors.java:42:23: compiler.err.var.might.not.have.been.initialized: x
<<<<<<< HEAD
DA_DUConstructors.java:64:20: compiler.err.var.might.already.be.assigned: x
- compiler.note.preview.filename: DA_DUConstructors.java, DEFAULT
- compiler.note.preview.recompile
3 errors
=======
- compiler.note.preview.filename: DA_DUConstructors.java, DEFAULT
- compiler.note.preview.recompile
2 errors
>>>>>>> d032521c17215a93395974cf933ceea0982be2a9
